BayesianRidge测试误差: 0.2411 (0.0313sec)
ElasticNet测试误差: 0.2415 (0.0623sec)
ElasticNetCV测试误差: 0.2435 (0.3599sec)
HuberRegressor测试误差: 0.2540 (0.4263sec)
Lars测试误差: 0.2413 (0.0407sec)
LarsCV测试误差: 0.2413 (0.2217sec)
Lasso测试误差: 0.2415 (0.0658sec)
LassoCV测试误差: 0.2419 (0.3940sec)
LassoLars测试误差: 0.5652 (0.0110sec)
LassoLarsCV测试误差: 0.2411 (0.2294sec)
